
[STEP1] ユーザログイン前のテスト
  トップ画面のテスト
    表示内容の確認
      URLが正しい
      Log inリンクが表示される: 青色のボタンの表示が「Log in」である
      Log inリンクの移行先が正しい
      Sign upリンクが表示される: 緑色のボタンの表示が「Sign up」である
      Sign upリンクの移行先が正しい
  ヘッダーのテスト: ログインしていない場合
    表示内容の確認
      Bookersリンクが表示される: 左上から1番目のリンクが「Bookers」である
      Homeリンクが表示される: 左上から2番目のリンクが「Home」である
      Aboutリンクが表示される: 左上から3番目のリンクが「About」である
      Sign upリンクが表示される: 左上から4番目のリンクが「Sign up」である
      Log inリンクが表示される: 左上から5番目のリンクが「Log in」である
    リンクの移行先の確認
      Bookersリンクをクリックすると、トップ画面に遷移する
      Homeリンクをクリックすると、トップ画面に遷移する
      Aboutリンクをクリックすると、About画面に遷移する
      Sign upリンクをクリックすると、新規登録画面に遷移する
      Log inリンクをクリックすると、ログイン画面に遷移する
  ユーザ新規登録のテスト
    表示内容の確認
      URLが正しい
      「Sign up」と表示される
      nameフォームが表示される
      emailフォームが表示される
      passwordフォームが表示される
      password_confirmationフォームが表示される
      Sign upボタンが表示される
    新規登録成功のテスト
      正しく新規登録される
      新規登録後のリダイレクト先が、新規登録できたユーザの詳細画面になっている
  ユーザログインのテスト
    表示内容の確認
      URLが正しい
      「Log in」と表示される
      nameフォームが表示される
      passwordフォームが表示される
      Sign upボタンが表示される
    ログイン成功のテスト
      ログイン後のリダイレクト先が、ログインしたユーザの詳細画面になっている
    ログイン失敗のテスト
      ログインに失敗し、ログイン画面にリダイレクトされる
  ユーザログアウトのテスト
    ログアウト機能のテスト
      正しくログアウトできているか: ログアウト後のリダイレクト先がトップ画面になっている

Finished in 0.78746 seconds (files took 1.33 seconds to load)
32 examples, 0 failures

